Microchip MPLAB XC8 Compiler V2.41

Linker command line:

-W-3 \
  --edf=/opt/microchip/mplabx/v6.10/packs/Microchip/PIC18Fxxxx_DFP/1.4.151/xc8/pic/dat/20230323171731_en.msgs \
  -cn -h+dist/default/production/aula_08.X.production.sym \
  --cmf=dist/default/production/aula_08.X.production.cmf -z -Q18F4520 \
  -o/tmp/xcXgcdofg/driver_tmp_3.o --defsym=__MPLAB_BUILD=1 \
  --fixupoverflow=error -Mdist/default/production/aula_08.X.production.map \
  --md=/tmp/xcXgcdofg/driver_tmp_0.dat -E1 -ver=XC8 Compiler --acfsm=1493 \
  -ACODE=00h-07FFFh -ACONST=00h-07FFFh -ASMALLCONST=0600h-06FFhx122 \
  -AMEDIUMCONST=0600h-07FFFh -ACOMRAM=01h-07Fh -AABS1=00h-05FFh \
  -ABIGRAM=01h-05FFh -ARAM=080h-0FFh,0100h-01FFhx5 -ABANK0=080h-0FFh \
  -ABANK1=0100h-01FFh -ABANK2=0200h-02FFh -ABANK3=0300h-03FFh \
  -ABANK4=0400h-04FFh -ABANK5=0500h-05FFh -ASFR=0F80h-0FFFh \
  -ABIGSFR=0F80h-0FFFh -ACONFIG=0300000h-030000Dh -AIDLOC=0200000h-0200007h \
  -AEEDATA=0F00000h-0F000FFh -peeprom_data=EEDATA \
  -preset_vec=00h,intcode,intcodelo,powerup,init -pramtop=0600h \
  -psmallconst=SMALLCONST -pmediumconst=MEDIUMCONST -pconst=CONST \
  -AFARRAM=00h-00h \
  -prdata=COMRAM,nvrram=COMRAM,nvbit=COMRAM,rbss=COMRAM,rbit=COMRAM \
  -pfarbss=FARRAM,fardata=FARRAM,nvFARRAM=FARRAM \
  -pintsave_regs=BIGRAM,bigbss=BIGRAM,bigdata=BIGRAM -pbss=RAM \
  -pidata=CODE,irdata=CODE,ibigdata=CODE,ifardata=CODE -prparam=COMRAM \
  /tmp/xcXgcdofg/driver_tmp_9.o \
  dist/default/production/aula_08.X.production.o 

Object code version is 3.11

Machine type is 18F4520



                Name                               Link     Load   Length Selector   Space Scale
/tmp/xcXgcdofg/driver_tmp_9.o
                config                           300000   300000        8        0       4
                init                                  0        0        4        0       0
dist/default/production/aula_08.X.production.o
                config                           300000   300000        8        0       4
                text26                             7398     7398       C4     39CC       0
                text25                             6FB4     6FB4       2E     37DA       0
                text24                             71B6     71B6       74     38DB       0
                text23                             6F68     6F68       26     37B4       0
                text22                             70DE     70DE       6C     386F       0
                text21                             714A     714A       6C     38A5       0
                text20                             72DA     72DA       BE     396D       0
                text19                             6EAC     6EAC        8     3756       0
                text18                             6EB4     6EB4        8     375A       0
                text17                             7B40     7B40      4C0     3DA0       0
                text16                             7558     7558      104     3AAC       0
                text15                             6EC6     6EC6       10     3763       0
                text14                             7768     7768      120     3BB4       0
                text13                             6EBC     6EBC        A     375E       0
                text12                             6F12     6F12       18     3789       0
                text11                             6F2A     6F2A       1C     3795       0
                text10                             6FE2     6FE2       3E     37F1       0
                text9                              7020     7020       5A     3810       0
                text8                              6F46     6F46       22     37A3       0
                text7                              722A     722A       B0     3915       0
                text6                              707A     707A       64     383D       0
                text5                              6EFC     6EFC       16     377E       0
                text4                              7888     7888      2B8     3C44       0
                text3                              765C     765C      10C     3B2E       0
                text2                              6F8E     6F8E       26     37C7       0
                text1                              6EE8     6EE8       14     3774       0
                text0                              745C     745C       FC     3A2E       0
                cstackCOMRAM                          1        1       1A        1       1
                bssCOMRAM                            1B       1B        A        1       1
                cinit                              6ED6     6ED6       12     376B       0

TOTAL           Name                               Link     Load   Length     Space
        CLASS   CODE           
                init                                  0        0        4         0
                text26                             7398     7398       C4         0
                text25                             6FB4     6FB4       2E         0
                text24                             71B6     71B6       74         0
                text23                             6F68     6F68       26         0
                text22                             70DE     70DE       6C         0
                text21                             714A     714A       6C         0
                text20                             72DA     72DA       BE         0
                text19                             6EAC     6EAC        8         0
                text18                             6EB4     6EB4        8         0
                text17                             7B40     7B40      4C0         0
                text16                             7558     7558      104         0
                text15                             6EC6     6EC6       10         0
                text14                             7768     7768      120         0
                text13                             6EBC     6EBC        A         0
                text12                             6F12     6F12       18         0
                text11                             6F2A     6F2A       1C         0
                text10                             6FE2     6FE2       3E         0
                text9                              7020     7020       5A         0
                text8                              6F46     6F46       22         0
                text7                              722A     722A       B0         0
                text6                              707A     707A       64         0
                text5                              6EFC     6EFC       16         0
                text4                              7888     7888      2B8         0
                text3                              765C     765C      10C         0
                text2                              6F8E     6F8E       26         0
                text1                              6EE8     6EE8       14         0
                text0                              745C     745C       FC         0
                cinit                              6ED6     6ED6       12         0

        CLASS   CONST          

        CLASS   SMALLCONST     

        CLASS   MEDIUMCONST    

        CLASS   COMRAM         
                cstackCOMRAM                          1        1       1A         1
                bssCOMRAM                            1B       1B        A         1

        CLASS   ABS1           

        CLASS   BIGRAM         

        CLASS   RAM            

        CLASS   BANK0          

        CLASS   BANK1          

        CLASS   BANK2          

        CLASS   BANK3          

        CLASS   BANK4          

        CLASS   BANK5          

        CLASS   SFR            

        CLASS   BIGSFR         

        CLASS   CONFIG         
                config                           300000   300000        8         4

        CLASS   IDLOC          

        CLASS   EEDATA         

        CLASS   FARRAM         

        CLASS   HEAP           

        CLASS   STACK          



SEGMENTS        Name                           Load    Length   Top    Selector   Space  Class

                text22                         0070DE  00006C  00714A      386F       0  CODE    
                text21                         00714A  00006C  0071B6      38A5       0  CODE    
                text24                         0071B6  000074  00722A      38DB       0  CODE    
                text10                         006FE2  00003E  007020      37F1       0  CODE    
                text9                          007020  00005A  00707A      3810       0  CODE    
                text6                          00707A  000064  0070DE      383D       0  CODE    
                text0                          00745C  0000FC  007558      3A2E       0  CODE    
                text16                         007558  000104  00765C      3AAC       0  CODE    
                text3                          00765C  00010C  007768      3B2E       0  CODE    
                text7                          00722A  0000B0  0072DA      3915       0  CODE    
                text20                         0072DA  0000BE  007398      396D       0  CODE    
                text26                         007398  0000C4  00745C      39CC       0  CODE    
                text25                         006FB4  00002E  006FE2      37DA       0  CODE    
                text15                         006EC6  000010  006ED6      3763       0  CODE    
                cinit                          006ED6  000012  006EE8      376B       0  CODE    
                text1                          006EE8  000014  006EFC      3774       0  CODE    
                text19                         006EAC  000008  006EB4      3756       0  CODE    
                text18                         006EB4  000008  006EBC      375A       0  CODE    
                text13                         006EBC  00000A  006EC6      375E       0  CODE    
                text8                          006F46  000022  006F68      37A3       0  CODE    
                text23                         006F68  000026  006F8E      37B4       0  CODE    
                text2                          006F8E  000026  006FB4      37C7       0  CODE    
                text5                          006EFC  000016  006F12      377E       0  CODE    
                text12                         006F12  000018  006F2A      3789       0  CODE    
                text11                         006F2A  00001C  006F46      3795       0  CODE    
                text14                         007768  000120  007888      3BB4       0  CODE    
                reset_vec                      000000  000004  000004         0       0  CODE    
                text17                         007B40  0004C0  008000      3DA0       0  CODE    
                text4                          007888  0002B8  007B40      3C44       0  CODE    
                cstackCOMRAM                   000001  000024  000025         1       1  COMRAM  


UNUSED ADDRESS RANGES

        Name                Unused          Largest block    Delta
        BANK0            000080-0000FF               80
        BANK1            000100-0001FF              100
        BANK2            000200-0002FF              100
        BANK3            000300-0003FF              100
        BANK4            000400-0004FF              100
        BANK5            000500-0005FF              100
        BIGRAM           000025-0005FF              5DB
        BIGSFR           000F80-000FFF               80
        CODE             000004-006EAB             6EA8
        COMRAM           000025-00007F               5B
        CONFIG           300008-30000D                6
        CONST            000004-006EAB             6EA8
        EEDATA           F00000-F000FF              100
        IDLOC            200000-200007                8
        MEDIUMCONST      000600-006EAB             68AC
        RAM              000080-0005FF              100
        SFR              000F80-000FFF               80
        SMALLCONST       000600-006EAB              100

                                  Symbol Table

?___aldiv                        cstackCOMRAM 000001
?___awdiv                        cstackCOMRAM 000005
?___awmod                        cstackCOMRAM 00000D
?___fladd                        cstackCOMRAM 000001
?___lwdiv                        cstackCOMRAM 000001
?___lwmod                        cstackCOMRAM 000008
?___wmul                         cstackCOMRAM 000001
?_adcRead                        cstackCOMRAM 000001
?_lerTemperatura                 cstackCOMRAM 00000D
AtualizarSistema@temp            cstackCOMRAM 00000F
ConfiguraLimiteInferior@temp     cstackCOMRAM 000001
ConfiguraLimiteSuperior@temp     cstackCOMRAM 000001
Delay2ms@i                       cstackCOMRAM 000002
Delay40us@i                      cstackCOMRAM 000001
_AtualizarSistema                text20       0072DA
_ConfiguraLimiteInferior         text19       006EAC
_ConfiguraLimiteSuperior         text18       006EB4
_Delay2ms                        text11       006F2A
_Delay40us                       text12       006F12
__HRAM                           (abs)        000000
__H__absolute__                  __absolute__ 000000
__Habs1                          abs1         000000
__Hbank0                         bank0        000000
__Hbank1                         bank1        000000
__Hbank2                         bank2        000000
__Hbank3                         bank3        000000
__Hbank4                         bank4        000000
__Hbank5                         bank5        000000
__Hbigbss                        bigbss       000000
__Hbigdata                       bigdata      000000
__Hbigram                        bigram       000000
__Hbigsfr                        bigsfr       000000
__Hbss                           bss          000000
__HbssCOMRAM                     bssCOMRAM    000000
__Hcinit                         cinit        000000
__Hclrtext                       clrtext      000000
__Hcomram                        comram       000000
__Hconfig                        config       300008
__Hconst                         const        000000
__HcstackCOMRAM                  cstackCOMRAM 000000
__Hdata                          data         000000
__Heeprom_data                   eeprom_data  000000
__Hfarbss                        farbss       000000
__Hfardata                       fardata      000000
__Hheap                          heap         000000
__Hibigdata                      ibigdata     000000
__Hidata                         idata        000000
__Hidloc                         idloc        000000
__Hifardata                      ifardata     000000
__Hinit                          init         000004
__Hintcode                       intcode      000000
__Hintcode_body                  intcode_body 000000
__Hintcodelo                     intcodelo    000000
__Hintentry                      intentry     000000
__Hintret                        intret       000000
__Hintsave_regs                  intsave_regs 000000
__Hirdata                        irdata       000000
__Hmediumconst                   mediumconst  000000
__HnvFARRAM                      nvFARRAM     000000
__Hnvbit                         nvbit        000000
__Hnvrram                        nvrram       000000
__Hparam                         rparam       000000
__Hpowerup                       powerup      000000
__Hram                           ram          000000
__Hramtop                        ramtop       000600
__Hrbit                          rbit         000000
__Hrbss                          rbss         000000
__Hrdata                         rdata        000000
__Hreset_vec                     reset_vec    000000
__Hrparam                        rparam       000000
__Hsfr                           sfr          000000
__Hsmallconst                    smallconst   000000
__Hspace_0                       (abs)        008000
__Hspace_1                       (abs)        000025
__Hspace_2                       (abs)        000000
__Hspace_4                       (abs)        600008
__Hstack                         stack        000000
__Hstruct                        struct       000000
__Htemp                          temp         000000
__Htext                          text         000000
__Htext0                         text0        000000
__Htext1                         text1        000000
__Htext10                        text10       000000
__Htext11                        text11       000000
__Htext12                        text12       000000
__Htext13                        text13       000000
__Htext14                        text14       000000
__Htext15                        text15       000000
__Htext16                        text16       000000
__Htext17                        text17       000000
__Htext18                        text18       000000
__Htext19                        text19       000000
__Htext2                         text2        000000
__Htext20                        text20       000000
__Htext21                        text21       000000
__Htext22                        text22       000000
__Htext23                        text23       000000
__Htext24                        text24       000000
__Htext25                        text25       000000
__Htext26                        text26       000000
__Htext3                         text3        000000
__Htext4                         text4        000000
__Htext5                         text5        000000
__Htext6                         text6        000000
__Htext7                         text7        000000
__Htext8                         text8        000000
__Htext9                         text9        000000
__LRAM                           (abs)        000001
__L__absolute__                  __absolute__ 000000
__Labs1                          abs1         000000
__Lbank0                         bank0        000000
__Lbank1                         bank1        000000
__Lbank2                         bank2        000000
__Lbank3                         bank3        000000
__Lbank4                         bank4        000000
__Lbank5                         bank5        000000
__Lbigbss                        bigbss       000000
__Lbigdata                       bigdata      000000
__Lbigram                        bigram       000000
__Lbigsfr                        bigsfr       000000
__Lbss                           bss          000000
__LbssCOMRAM                     bssCOMRAM    000000
__Lcinit                         cinit        000000
__Lclrtext                       clrtext      000000
__Lcomram                        comram       000000
__Lconfig                        config       000000
__Lconst                         const        000000
__LcstackCOMRAM                  cstackCOMRAM 000000
__Ldata                          data         000000
__Leeprom_data                   eeprom_data  000000
__Lfarbss                        farbss       000000
__Lfardata                       fardata      000000
__Lheap                          heap         000000
__Libigdata                      ibigdata     000000
__Lidata                         idata        000000
__Lidloc                         idloc        000000
__Lifardata                      ifardata     000000
__Linit                          init         000000
__Lintcode                       intcode      000000
__Lintcode_body                  intcode_body 000000
__Lintcodelo                     intcodelo    000000
__Lintentry                      intentry     000000
__Lintret                        intret       000000
__Lintsave_regs                  intsave_regs 000000
__Lirdata                        irdata       000000
__Lmediumconst                   mediumconst  000000
__LnvFARRAM                      nvFARRAM     000000
__Lnvbit                         nvbit        000000
__Lnvrram                        nvrram       000000
__Lparam                         rparam       000000
__Lpowerup                       powerup      000000
__Lram                           ram          000000
__Lramtop                        ramtop       000600
__Lrbit                          rbit         000000
__Lrbss                          rbss         000000
__Lrdata                         rdata        000000
__Lreset_vec                     reset_vec    000000
__Lrparam                        rparam       000000
__Lsfr                           sfr          000000
__Lsmallconst                    smallconst   000000
__Lspace_0                       (abs)        000000
__Lspace_1                       (abs)        000000
__Lspace_2                       (abs)        000000
__Lspace_4                       (abs)        000000
__Lstack                         stack        000000
__Lstruct                        struct       000000
__Ltemp                          temp         000000
__Ltext                          text         000000
__Ltext0                         text0        000000
__Ltext1                         text1        000000
__Ltext10                        text10       000000
__Ltext11                        text11       000000
__Ltext12                        text12       000000
__Ltext13                        text13       000000
__Ltext14                        text14       000000
__Ltext15                        text15       000000
__Ltext16                        text16       000000
__Ltext17                        text17       000000
__Ltext18                        text18       000000
__Ltext19                        text19       000000
__Ltext2                         text2        000000
__Ltext20                        text20       000000
__Ltext21                        text21       000000
__Ltext22                        text22       000000
__Ltext23                        text23       000000
__Ltext24                        text24       000000
__Ltext25                        text25       000000
__Ltext26                        text26       000000
__Ltext3                         text3        000000
__Ltext4                         text4        000000
__Ltext5                         text5        000000
__Ltext6                         text6        000000
__Ltext7                         text7        000000
__Ltext8                         text8        000000
__Ltext9                         text9        000000
__S0                             (abs)        008000
__S1                             (abs)        000025
__S4                             (abs)        000000
__S5                             (abs)        000000
___aldiv                         text3        00765C
___aldiv@counter                 cstackCOMRAM 000009
___aldiv@dividend                cstackCOMRAM 000001
___aldiv@divisor                 cstackCOMRAM 000005
___aldiv@quotient                cstackCOMRAM 00000B
___aldiv@sign                    cstackCOMRAM 00000A
___awdiv                         text26       007398
___awdiv@counter                 cstackCOMRAM 000009
___awdiv@dividend                cstackCOMRAM 000005
___awdiv@divisor                 cstackCOMRAM 000007
___awdiv@quotient                cstackCOMRAM 00000B
___awdiv@sign                    cstackCOMRAM 00000A
___awmod                         text7        00722A
___awmod@counter                 cstackCOMRAM 000011
___awmod@dividend                cstackCOMRAM 00000D
___awmod@divisor                 cstackCOMRAM 00000F
___awmod@sign                    cstackCOMRAM 000012
___fladd                         text17       007B40
___fladd@a                       cstackCOMRAM 000005
___fladd@aexp                    cstackCOMRAM 00000E
___fladd@b                       cstackCOMRAM 000001
___fladd@bexp                    cstackCOMRAM 00000F
___fladd@grs                     cstackCOMRAM 000010
___fladd@signs                   cstackCOMRAM 00000D
___flge                          text16       007558
___flge@ff1                      cstackCOMRAM 000001
___flge@ff2                      cstackCOMRAM 000005
___heap_hi                       (abs)        000000
___heap_lo                       (abs)        000000
___inthi_sp                      stack        000000
___intlo_sp                      stack        000000
___lwdiv                         text24       0071B6
___lwdiv@counter                 cstackCOMRAM 000007
___lwdiv@dividend                cstackCOMRAM 000001
___lwdiv@divisor                 cstackCOMRAM 000003
___lwdiv@quotient                cstackCOMRAM 000005
___lwmod                         text6        00707A
___lwmod@counter                 cstackCOMRAM 00000C
___lwmod@dividend                cstackCOMRAM 000008
___lwmod@divisor                 cstackCOMRAM 00000A
___param_bank                    (abs)        000000
___rparam_used                   (abs)        000001
___sp                            stack        000000
___wmul                          text23       006F68
___wmul@multiplicand             cstackCOMRAM 000003
___wmul@multiplier               cstackCOMRAM 000001
___wmul@product                  cstackCOMRAM 000005
__accesstop                      (abs)        000080
__activetblptr                   (abs)        000000
__end_of_AtualizarSistema        text20       007398
__end_of_ConfiguraLimiteInferior text19       006EB4
__end_of_ConfiguraLimiteSuperior text18       006EBC
__end_of_Delay2ms                text11       006F46
__end_of_Delay40us               text12       006F2A
__end_of___aldiv                 text3        007768
__end_of___awdiv                 text26       00745C
__end_of___awmod                 text7        0072DA
__end_of___fladd                 text17       008000
__end_of___flge                  text16       00765C
__end_of___lwdiv                 text24       00722A
__end_of___lwmod                 text6        0070DE
__end_of___wmul                  text23       006F8E
__end_of__initialization         cinit        006EE2
__end_of_adcInit                 text15       006ED6
__end_of_adcRead                 text25       006FE2
__end_of_kpDebounce              text14       007888
__end_of_kpInit                  text13       006EC6
__end_of_lcdCommand              text10       007020
__end_of_lcdData                 text5        006F12
__end_of_lcdInit                 text9        00707A
__end_of_lerTemperatura          text8        006F68
__end_of_main                    text0        007558
__end_of_printInt                text4        007B40
__end_of_pwmFrequency            text2        006FB4
__end_of_pwmInit                 text1        006EFC
__end_of_pwmSet1                 text22       00714A
__end_of_pwmSet2                 text21       0071B6
__initialization                 cinit        006ED6
__mediumconst                    mediumconst  000000
__pbssCOMRAM                     bssCOMRAM    00001B
__pcinit                         cinit        006ED6
__pcstackCOMRAM                  cstackCOMRAM 000001
__ptext0                         text0        00745C
__ptext1                         text1        006EE8
__ptext10                        text10       006FE2
__ptext11                        text11       006F2A
__ptext12                        text12       006F12
__ptext13                        text13       006EBC
__ptext14                        text14       007768
__ptext15                        text15       006EC6
__ptext16                        text16       007558
__ptext17                        text17       007B40
__ptext18                        text18       006EB4
__ptext19                        text19       006EAC
__ptext2                         text2        006F8E
__ptext20                        text20       0072DA
__ptext21                        text21       00714A
__ptext22                        text22       0070DE
__ptext23                        text23       006F68
__ptext24                        text24       0071B6
__ptext25                        text25       006FB4
__ptext26                        text26       007398
__ptext3                         text3        00765C
__ptext4                         text4        007888
__ptext5                         text5        006EFC
__ptext6                         text6        00707A
__ptext7                         text7        00722A
__ptext8                         text8        006F46
__ptext9                         text9        007020
__ramtop                         ramtop       000600
__smallconst                     smallconst   000000
_adcInit                         text15       006EC6
_adcRead                         text25       006FB4
_cooler                          bssCOMRAM    00001D
_kpDebounce                      text14       007768
_kpInit                          text13       006EBC
_lcdCommand                      text10       006FE2
_lcdData                         text5        006EFC
_lcdInit                         text9        007020
_lerTemperatura                  text8        006F46
_limiteInf                       bssCOMRAM    000023
_limiteSup                       bssCOMRAM    000024
_main                            text0        00745C
_printInt                        text4        007888
_pwmFrequency                    text2        006F8E
_pwmInit                         text1        006EE8
_pwmSet1                         text22       0070DE
_pwmSet2                         text21       00714A
_resis                           bssCOMRAM    00001B
_valor                           bssCOMRAM    000022
adcRead@ADvalor                  cstackCOMRAM 000003
end_of_initialization            cinit        006EE2
intlevel0                        text         000000
intlevel1                        text         000000
intlevel2                        text         000000
intlevel3                        text         000000
isa$std                          (abs)        000001
isa$xinst                        (abs)        000000
kpDebounce@i                     cstackCOMRAM 000004
kpDebounce@j                     cstackCOMRAM 000003
kpDebounce@tempo                 bssCOMRAM    000021
kpDebounce@valorAntigo           bssCOMRAM    00001F
kpDebounce@valorNovo             bssCOMRAM    000020
lcdCommand@cmd                   cstackCOMRAM 000003
lcdData@valor                    cstackCOMRAM 000002
main@i                           cstackCOMRAM 000017
main@t                           cstackCOMRAM 000015
printInt@temp                    cstackCOMRAM 000013
pwmFrequency@freq                cstackCOMRAM 00000F
pwmSet1@porcento                 cstackCOMRAM 00000A
pwmSet1@val                      cstackCOMRAM 00000B
pwmSet2@porcento                 cstackCOMRAM 00000A
pwmSet2@val                      cstackCOMRAM 00000B
stackhi                          (abs)        000000
stacklo                          (abs)        000000
start                            init         000000
start_initialization             cinit        006ED6


MODULE INFORMATION

Module		Function		Class		Link	Load	Size
/opt/microchip/xc8/v2.41/pic/sources/c99/common/Umul16.c
		___wmul        		CODE           	6F68	0000	38

/opt/microchip/xc8/v2.41/pic/sources/c99/common/Umul16.c estimated size: 38

keypad.c
		_kpInit        		CODE           	6EBC	0000	10
		_kpDebounce    		CODE           	7768	0000	288

keypad.c estimated size: 298

/opt/microchip/xc8/v2.41/pic/sources/c99/common/lwmod.c
		___lwmod       		CODE           	707A	0000	100

/opt/microchip/xc8/v2.41/pic/sources/c99/common/lwmod.c estimated size: 100

/opt/microchip/xc8/v2.41/pic/sources/c99/common/awmod.c
		___awmod       		CODE           	722A	0000	176

/opt/microchip/xc8/v2.41/pic/sources/c99/common/awmod.c estimated size: 176

contTemp.c
		_ConfiguraLimiteSuperior		CODE           	6EB4	0000	8
		_AtualizarSistema		CODE           	72DA	0000	190
		_ConfiguraLimiteInferior		CODE           	6EAC	0000	8

contTemp.c estimated size: 206

pwm.c
		_pwmSet2       		CODE           	714A	0000	108
		_pwmInit       		CODE           	6EE8	0000	20
		_pwmSet1       		CODE           	70DE	0000	108
		_pwmFrequency  		CODE           	6F8E	0000	38

pwm.c estimated size: 274

adc.c
		_adcRead       		CODE           	6FB4	0000	46
		_adcInit       		CODE           	6EC6	0000	16

adc.c estimated size: 62

/opt/microchip/xc8/v2.41/pic/sources/c99/common/lwdiv.c
		___lwdiv       		CODE           	71B6	0000	116

/opt/microchip/xc8/v2.41/pic/sources/c99/common/lwdiv.c estimated size: 116

/opt/microchip/xc8/v2.41/pic/sources/c99/common/awdiv.c
		___awdiv       		CODE           	7398	0000	196

/opt/microchip/xc8/v2.41/pic/sources/c99/common/awdiv.c estimated size: 196

/opt/microchip/xc8/v2.41/pic/sources/c99/common/sprcadd.c
		___fladd       		CODE           	7B40	0000	1216

/opt/microchip/xc8/v2.41/pic/sources/c99/common/sprcadd.c estimated size: 1216

/opt/microchip/xc8/v2.41/pic/sources/c99/common/aldiv.c
		___aldiv       		CODE           	765C	0000	268

/opt/microchip/xc8/v2.41/pic/sources/c99/common/aldiv.c estimated size: 268

shared
		__initialization		CODE           	6ED6	0000	12

shared estimated size: 12

lcd.c
		_lcdCommand    		CODE           	6FE2	0000	62
		_Delay40us     		CODE           	6F12	0000	24
		_lcdInit       		CODE           	7020	0000	90
		_lcdData       		CODE           	6EFC	0000	22
		_Delay2ms      		CODE           	6F2A	0000	28

lcd.c estimated size: 226

/opt/microchip/xc8/v2.41/pic/sources/c99/common/flge.c
		___flge        		CODE           	7558	0000	260

/opt/microchip/xc8/v2.41/pic/sources/c99/common/flge.c estimated size: 260

main.c
		_main          		CODE           	745C	0000	252
		_printInt      		CODE           	7888	0000	696
		_lerTemperatura		CODE           	6F46	0000	34

main.c estimated size: 982

